struct<Map:map<string,integer>>

(top = 20)
+------------------------+
|Map                     |
+------------------------+
|{A -> 1, B -> 2, C -> 3}|
|{D -> 4, E -> 5, F -> 6}|
+------------------------+
