root
 |-- Array: array (nullable = true)
 |    |-- element: integer (containsNull = true)


(top = 20)
+---------+
|Array    |
+---------+
|[1, 2, 3]|
|[4, 5, 6]|
+---------+
